09:53:17 **** Incremental Build of configuration Debug for project TWO_7LED ****
make -j8 all 
arm-none-eabi-gcc "../Core/Src/main.c" -mcpu=cortex-m3 -std=gnu11 -g3 -DDEBUG -DUSE_HAL_DRIVER -DSTM32F103x6 -c -I../Core/Inc -I../Drivers/STM32F1xx_HAL_Driver/Inc -I../Drivers/STM32F1xx_HAL_Driver/Inc/Legacy -I../Drivers/CMSIS/Device/ST/STM32F1xx/Include -I../Drivers/CMSIS/Include -O0 -ffunction-sections -fdata-sections -Wall -fstack-usage -MMD -MP -MF"Core/Src/main.d" -MT"Core/Src/main.o" --specs=nano.specs -mfloat-abi=soft -mthumb -o "Core/Src/main.o"
arm-none-eabi-gcc -o "TWO_7LED.elf" @"objects.list"   -mcpu=cortex-m3 -T"C:\GIT Projects\MCU TEST\Lab2\Ex1\STM\TWO_7LED\STM32F103C6UX_FLASH.ld" --specs=nosys.specs -Wl,-Map="TWO_7LED.map" -Wl,--gc-sections -static --specs=nano.specs -mfloat-abi=soft -mthumb -Wl,--start-group -lc -lm -Wl,--end-group
Finished building target: TWO_7LED.elf
 
arm-none-eabi-size   TWO_7LED.elf 
arm-none-eabi-objdump -h -S  TWO_7LED.elf  > "TWO_7LED.list"
arm-none-eabi-objcopy  -O ihex  TWO_7LED.elf  "TWO_7LED.hex"
   text	   data	    bss	    dec	    hex	filename
   7800	     28	   1644	   9472	   2500	TWO_7LED.elf
arm-none-eabi-objcopy  -O binary  TWO_7LED.elf  "TWO_7LED.bin"
Finished building: default.size.stdout
 
Finished building: TWO_7LED.hex
Finished building: TWO_7LED.bin
 
 
Finished building: TWO_7LED.list
 

09:53:18 Build Finished. 0 errors, 0 warnings. (took 983ms)

